{ error: 'Invalid credentials' }
